signature: Ver1
total errors: 0
quantity: 108

|  ip  |		COMMAND			|		TYPE		|		LINE		|		ERROR
|000000|		var             |	  var_decl		|		 1   		|		  0
|000001|		x               |	  var_name		|		 1   		|		  0
|000002|		=               |	  assign		|		 1   		|		  0
|000003|		1               |	  number		|		 1   		|		  0
|000004|		;               |	  semicln		|		 1   		|		  0
|000005|		var             |	  var_decl		|		 2   		|		  0
|000006|		y               |	  var_name		|		 2   		|		  0
|000007|		=               |	  assign		|		 2   		|		  0
|000008|		2               |	  number		|		 2   		|		  0
|000009|		*               |	  arth_op		|		 2   		|		  0
|000010|		2               |	  number		|		 2   		|		  0
|000011|		;               |	  semicln		|		 2   		|		  0
|000012|		func            |	  fnc_decl		|		 4   		|		  0
|000013|		some_func       |	  fnc_name		|		 4   		|		  0
|000014|		(               |	  rnd_brc		|		 4   		|		  0
|000015|		x               |	  var_name		|		 4   		|		  0
|000016|		,               |	  comma			|		 4   		|		  0
|000017|		y               |	  var_name		|		 4   		|		  0
|000018|		,               |	  comma			|		 4   		|		  0
|000019|		z               |	  var_name		|		 4   		|		  0
|000020|		)               |	  rnd_brc		|		 4   		|		  0
|000021|		{               |	  crl_brc		|		 5   		|		  0
|000022|		var             |	  var_decl		|		 6   		|		  0
|000023|		sum             |	  var_name		|		 6   		|		  0
|000024|		=               |	  assign		|		 6   		|		  0
|000025|		x               |	  var_name		|		 6   		|		  0
|000026|		+               |	  arth_op		|		 6   		|		  0
|000027|		y               |	  var_name		|		 6   		|		  0
|000028|		+               |	  arth_op		|		 6   		|		  0
|000029|		z               |	  var_name		|		 6   		|		  0
|000030|		;               |	  semicln		|		 6   		|		  0
|000031|		return          |	  return		|		 7   		|		  0
|000032|		x               |	  var_name		|		 7   		|		  0
|000033|		+               |	  arth_op		|		 7   		|		  0
|000034|		y               |	  var_name		|		 7   		|		  0
|000035|		+               |	  arth_op		|		 7   		|		  0
|000036|		z               |	  var_name		|		 7   		|		  0
|000037|		+               |	  arth_op		|		 7   		|		  0
|000038|		arctg           |	  fnc_name		|		 7   		|		  0
|000039|		(               |	  rnd_brc		|		 7   		|		  0
|000040|		sum             |	  var_name		|		 7   		|		  0
|000041|		)               |	  rnd_brc		|		 7   		|		  0
|000042|		+               |	  arth_op		|		 7   		|		  0
|000043|		sqrt            |	  fnc_name		|		 7   		|		  0
|000044|		(               |	  rnd_brc		|		 7   		|		  0
|000045|		y               |	  var_name		|		 7   		|		  0
|000046|		)               |	  rnd_brc		|		 7   		|		  0
|000047|		;               |	  semicln		|		 7   		|		  0
|000048|		}               |	  crl_brc		|		 8   		|		  0
|000049|		func            |	  fnc_decl		|		 10  		|		  0
|000050|		main            |	  main  		|		 10  		|		  0
|000051|		(               |	  rnd_brc		|		 10  		|		  0
|000052|		)               |	  rnd_brc		|		 10  		|		  0
|000053|		{               |	  crl_brc		|		 11  		|		  0
|000054|		if              |	  conp_op		|		 12  		|		  0
|000055|		(               |	  rnd_brc		|		 12  		|		  0
|000056|		some_func       |	  fnc_name		|		 12  		|		  0
|000057|		(               |	  rnd_brc		|		 12  		|		  0
|000058|		10              |	  number		|		 12  		|		  0
|000059|		,               |	  comma			|		 12  		|		  0
|000060|		20              |	  number		|		 12  		|		  0
|000061|		,               |	  comma			|		 12  		|		  0
|000062|		30              |	  number		|		 12  		|		  0
|000063|		)               |	  rnd_brc		|		 12  		|		  0
|000064|		<               |	  log_op		|		 12  		|		  0
|000065|		100             |	  number		|		 12  		|		  0
|000066|		)               |	  rnd_brc		|		 12  		|		  0
|000067|		{               |	  crl_brc		|		 13  		|		  0
|000068|		printf          |	  fnc_name		|		 14  		|		  0
|000069|		(               |	  rnd_brc		|		 14  		|		  0
|000070|		"               |	  quote  		|		 14  		|		  0
|000071|		Some_string1    |	  string		|		 14  		|		  0
|000072|		"               |	  quote  		|		 14  		|		  0
|000073|		)               |	  rnd_brc		|		 14  		|		  0
|000074|		;               |	  semicln		|		 14  		|		  0
|000075|		}               |	  crl_brc		|		 15  		|		  0
|000076|		elif            |	  conp_op		|		 17  		|		  0
|000077|		(               |	  rnd_brc		|		 17  		|		  0
|000078|		y               |	  var_name		|		 17  		|		  0
|000079|		>               |	  log_op		|		 17  		|		  0
|000080|		0               |	  number		|		 17  		|		  0
|000081|		)               |	  rnd_brc		|		 17  		|		  0
|000082|		{               |	  crl_brc		|		 18  		|		  0
|000083|		printf          |	  fnc_name		|		 19  		|		  0
|000084|		(               |	  rnd_brc		|		 19  		|		  0
|000085|		"               |	  quote  		|		 19  		|		  0
|000086|		Some_string2    |	  string		|		 19  		|		  0
|000087|		"               |	  quote  		|		 19  		|		  0
|000088|		)               |	  rnd_brc		|		 19  		|		  0
|000089|		;               |	  semicln		|		 19  		|		  0
|000090|		}               |	  crl_brc		|		 20  		|		  0
|000091|		else            |	  conp_op		|		 22  		|		  0
|000092|		{               |	  crl_brc		|		 23  		|		  0
|000093|		printf          |	  fnc_name		|		 24  		|		  0
|000094|		(               |	  rnd_brc		|		 24  		|		  0
|000095|		"               |	  quote  		|		 24  		|		  0
|000096|		Some_string3    |	  string		|		 24  		|		  0
|000097|		"               |	  quote  		|		 24  		|		  0
|000098|		)               |	  rnd_brc		|		 24  		|		  0
|000099|		;               |	  semicln		|		 24  		|		  0
|000100|		}               |	  crl_brc		|		 25  		|		  0
|000101|		return          |	  return		|		 27  		|		  0
|000102|		arcsin          |	  fnc_name		|		 27  		|		  0
|000103|		(               |	  rnd_brc		|		 27  		|		  0
|000104|		0.5             |	  number		|		 27  		|		  0
|000105|		)               |	  rnd_brc		|		 27  		|		  0
|000106|		;               |	  semicln		|		 27  		|		  0
|000107|		}               |	  crl_brc		|		 28  		|		  0
