signature: Ver1
total errors: 0
quantity: 174

|  ip  |		COMMAND			|		TYPE		|		LINE		|		ERROR
|000000|		var             |	  var_decl		|		 1   		|		  0
|000001|		x               |	  var_name		|		 1   		|		  0
|000002|		=               |	  assign		|		 1   		|		  0
|000003|		1               |	  number		|		 1   		|		  0
|000004|		;               |	  semicln		|		 1   		|		  0
|000005|		var             |	  var_decl		|		 2   		|		  0
|000006|		y               |	  var_name		|		 2   		|		  0
|000007|		=               |	  assign		|		 2   		|		  0
|000008|		2               |	  number		|		 2   		|		  0
|000009|		*               |	  arth_op		|		 2   		|		  0
|000010|		2               |	  number		|		 2   		|		  0
|000011|		;               |	  semicln		|		 2   		|		  0
|000012|		var             |	  var_decl		|		 3   		|		  0
|000013|		w               |	  var_name		|		 3   		|		  0
|000014|		=               |	  assign		|		 3   		|		  0
|000015|		1               |	  number		|		 3   		|		  0
|000016|		;               |	  semicln		|		 3   		|		  0
|000017|		var             |	  var_decl		|		 4   		|		  0
|000018|		ww              |	  var_name		|		 4   		|		  0
|000019|		=               |	  assign		|		 4   		|		  0
|000020|		2               |	  number		|		 4   		|		  0
|000021|		*               |	  arth_op		|		 4   		|		  0
|000022|		2               |	  number		|		 4   		|		  0
|000023|		;               |	  semicln		|		 4   		|		  0
|000024|		func            |	  fnc_decl		|		 6   		|		  0
|000025|		some_func1      |	  fnc_name		|		 6   		|		  0
|000026|		(               |	  rnd_brc		|		 6   		|		  0
|000027|		a               |	  var_name		|		 6   		|		  0
|000028|		,               |	  comma			|		 6   		|		  0
|000029|		b               |	  var_name		|		 6   		|		  0
|000030|		,               |	  comma			|		 6   		|		  0
|000031|		c               |	  var_name		|		 6   		|		  0
|000032|		)               |	  rnd_brc		|		 6   		|		  0
|000033|		{               |	  crl_brc		|		 7   		|		  0
|000034|		var             |	  var_decl		|		 8   		|		  0
|000035|		sum             |	  var_name		|		 8   		|		  0
|000036|		=               |	  assign		|		 8   		|		  0
|000037|		a               |	  var_name		|		 8   		|		  0
|000038|		+               |	  arth_op		|		 8   		|		  0
|000039|		b               |	  var_name		|		 8   		|		  0
|000040|		+               |	  arth_op		|		 8   		|		  0
|000041|		c               |	  var_name		|		 8   		|		  0
|000042|		;               |	  semicln		|		 8   		|		  0
|000043|		var             |	  var_decl		|		 9   		|		  0
|000044|		o               |	  var_name		|		 9   		|		  0
|000045|		=               |	  assign		|		 9   		|		  0
|000046|		0               |	  number		|		 9   		|		  0
|000047|		;               |	  semicln		|		 9   		|		  0
|000048|		return          |	  return		|		 10  		|		  0
|000049|		a               |	  var_name		|		 10  		|		  0
|000050|		+               |	  arth_op		|		 10  		|		  0
|000051|		b               |	  var_name		|		 10  		|		  0
|000052|		+               |	  arth_op		|		 10  		|		  0
|000053|		c               |	  var_name		|		 10  		|		  0
|000054|		+               |	  arth_op		|		 10  		|		  0
|000055|		arctg           |	  fnc_name		|		 10  		|		  0
|000056|		(               |	  rnd_brc		|		 10  		|		  0
|000057|		sum             |	  var_name		|		 10  		|		  0
|000058|		)               |	  rnd_brc		|		 10  		|		  0
|000059|		+               |	  arth_op		|		 10  		|		  0
|000060|		sqrt            |	  fnc_name		|		 10  		|		  0
|000061|		(               |	  rnd_brc		|		 10  		|		  0
|000062|		b               |	  var_name		|		 10  		|		  0
|000063|		)               |	  rnd_brc		|		 10  		|		  0
|000064|		;               |	  semicln		|		 10  		|		  0
|000065|		}               |	  crl_brc		|		 11  		|		  0
|000066|		func            |	  fnc_decl		|		 13  		|		  0
|000067|		some_func2      |	  fnc_name		|		 13  		|		  0
|000068|		(               |	  rnd_brc		|		 13  		|		  0
|000069|		)               |	  rnd_brc		|		 13  		|		  0
|000070|		{               |	  crl_brc		|		 14  		|		  0
|000071|		var             |	  var_decl		|		 15  		|		  0
|000072|		sumlsum         |	  var_name		|		 15  		|		  0
|000073|		=               |	  assign		|		 15  		|		  0
|000074|		a               |	  var_name		|		 15  		|		  0
|000075|		+               |	  arth_op		|		 15  		|		  0
|000076|		b               |	  var_name		|		 15  		|		  0
|000077|		+               |	  arth_op		|		 15  		|		  0
|000078|		c               |	  var_name		|		 15  		|		  0
|000079|		;               |	  semicln		|		 15  		|		  0
|000080|		var             |	  var_decl		|		 16  		|		  0
|000081|		ooo             |	  var_name		|		 16  		|		  0
|000082|		=               |	  assign		|		 16  		|		  0
|000083|		0               |	  number		|		 16  		|		  0
|000084|		;               |	  semicln		|		 16  		|		  0
|000085|		var             |	  var_decl		|		 17  		|		  0
|000086|		hjk             |	  var_name		|		 17  		|		  0
|000087|		=               |	  assign		|		 17  		|		  0
|000088|		0               |	  number		|		 17  		|		  0
|000089|		;               |	  semicln		|		 17  		|		  0
|000090|		return          |	  return		|		 18  		|		  0
|000091|		a               |	  var_name		|		 18  		|		  0
|000092|		+               |	  arth_op		|		 18  		|		  0
|000093|		b               |	  var_name		|		 18  		|		  0
|000094|		+               |	  arth_op		|		 18  		|		  0
|000095|		c               |	  var_name		|		 18  		|		  0
|000096|		+               |	  arth_op		|		 18  		|		  0
|000097|		arctg           |	  fnc_name		|		 18  		|		  0
|000098|		(               |	  rnd_brc		|		 18  		|		  0
|000099|		sum             |	  var_name		|		 18  		|		  0
|000100|		)               |	  rnd_brc		|		 18  		|		  0
|000101|		+               |	  arth_op		|		 18  		|		  0
|000102|		sqrt            |	  fnc_name		|		 18  		|		  0
|000103|		(               |	  rnd_brc		|		 18  		|		  0
|000104|		b               |	  var_name		|		 18  		|		  0
|000105|		)               |	  rnd_brc		|		 18  		|		  0
|000106|		;               |	  semicln		|		 18  		|		  0
|000107|		}               |	  crl_brc		|		 19  		|		  0
|000108|		func            |	  fnc_decl		|		 21  		|		  0
|000109|		main            |	  main  		|		 21  		|		  0
|000110|		(               |	  rnd_brc		|		 21  		|		  0
|000111|		)               |	  rnd_brc		|		 21  		|		  0
|000112|		{               |	  crl_brc		|		 22  		|		  0
|000113|		var             |	  var_decl		|		 23  		|		  0
|000114|		zzzz            |	  var_name		|		 23  		|		  0
|000115|		=               |	  assign		|		 23  		|		  0
|000116|		0               |	  number		|		 23  		|		  0
|000117|		;               |	  semicln		|		 23  		|		  0
|000118|		if              |	  conp_op		|		 24  		|		  0
|000119|		(               |	  rnd_brc		|		 24  		|		  0
|000120|		some_func       |	  fnc_name		|		 24  		|		  0
|000121|		(               |	  rnd_brc		|		 24  		|		  0
|000122|		10              |	  number		|		 24  		|		  0
|000123|		,               |	  comma			|		 24  		|		  0
|000124|		20              |	  number		|		 24  		|		  0
|000125|		,               |	  comma			|		 24  		|		  0
|000126|		30              |	  number		|		 24  		|		  0
|000127|		)               |	  rnd_brc		|		 24  		|		  0
|000128|		<               |	  log_op		|		 24  		|		  0
|000129|		100             |	  number		|		 24  		|		  0
|000130|		)               |	  rnd_brc		|		 24  		|		  0
|000131|		{               |	  crl_brc		|		 25  		|		  0
|000132|		printf          |	  fnc_name		|		 26  		|		  0
|000133|		(               |	  rnd_brc		|		 26  		|		  0
|000134|		"               |	  quote  		|		 26  		|		  0
|000135|		Some_string1    |	  string		|		 26  		|		  0
|000136|		"               |	  quote  		|		 26  		|		  0
|000137|		)               |	  rnd_brc		|		 26  		|		  0
|000138|		;               |	  semicln		|		 26  		|		  0
|000139|		printf          |	  fnc_name		|		 27  		|		  0
|000140|		(               |	  rnd_brc		|		 27  		|		  0
|000141|		x               |	  var_name		|		 27  		|		  0
|000142|		+               |	  arth_op		|		 27  		|		  0
|000143|		1               |	  number		|		 27  		|		  0
|000144|		+               |	  arth_op		|		 27  		|		  0
|000145|		arctg           |	  fnc_name		|		 27  		|		  0
|000146|		(               |	  rnd_brc		|		 27  		|		  0
|000147|		x               |	  var_name		|		 27  		|		  0
|000148|		)               |	  rnd_brc		|		 27  		|		  0
|000149|		)               |	  rnd_brc		|		 27  		|		  0
|000150|		;               |	  semicln		|		 27  		|		  0
|000151|		}               |	  crl_brc		|		 28  		|		  0
|000152|		elif            |	  conp_op		|		 30  		|		  0
|000153|		(               |	  rnd_brc		|		 30  		|		  0
|000154|		y               |	  var_name		|		 30  		|		  0
|000155|		>               |	  log_op		|		 30  		|		  0
|000156|		0               |	  number		|		 30  		|		  0
|000157|		)               |	  rnd_brc		|		 30  		|		  0
|000158|		{               |	  crl_brc		|		 31  		|		  0
|000159|		printf          |	  fnc_name		|		 32  		|		  0
|000160|		(               |	  rnd_brc		|		 32  		|		  0
|000161|		"               |	  quote  		|		 32  		|		  0
|000162|		Some_string2    |	  string		|		 32  		|		  0
|000163|		"               |	  quote  		|		 32  		|		  0
|000164|		)               |	  rnd_brc		|		 32  		|		  0
|000165|		;               |	  semicln		|		 32  		|		  0
|000166|		}               |	  crl_brc		|		 33  		|		  0
|000167|		return          |	  return		|		 36  		|		  0
|000168|		arcsin          |	  fnc_name		|		 36  		|		  0
|000169|		(               |	  rnd_brc		|		 36  		|		  0
|000170|		0.5             |	  number		|		 36  		|		  0
|000171|		)               |	  rnd_brc		|		 36  		|		  0
|000172|		;               |	  semicln		|		 36  		|		  0
|000173|		}               |	  crl_brc		|		 37  		|		  0
