signature: Ver1
total errors: 0
quantity: 126

|  ip  |		COMMAND			|		TYPE		|		LINE		|		ERROR
|000000|		func            |	  fnc_decl		|		 1   		|		  0
|000001|		sum             |	  fnc_name		|		 1   		|		  0
|000002|		(               |	  rnd_brc		|		 1   		|		  0
|000003|		v               |	  var_name		|		 1   		|		  0
|000004|		,               |	  comma			|		 1   		|		  0
|000005|		z               |	  var_name		|		 1   		|		  0
|000006|		)               |	  rnd_brc		|		 1   		|		  0
|000007|		{               |	  crl_brc		|		 2   		|		  0
|000008|		return          |	  return		|		 3   		|		  0
|000009|		v               |	  var_name		|		 3   		|		  0
|000010|		+               |	  arth_op		|		 3   		|		  0
|000011|		z               |	  var_name		|		 3   		|		  0
|000012|		;               |	  semicln		|		 3   		|		  0
|000013|		}               |	  crl_brc		|		 4   		|		  0
|000014|		func            |	  fnc_decl		|		 6   		|		  0
|000015|		some_fnc        |	  fnc_name		|		 6   		|		  0
|000016|		(               |	  rnd_brc		|		 6   		|		  0
|000017|		x               |	  var_name		|		 6   		|		  0
|000018|		)               |	  rnd_brc		|		 6   		|		  0
|000019|		{               |	  crl_brc		|		 7   		|		  0
|000020|		while           |	  loop  		|		 8   		|		  0
|000021|		(               |	  rnd_brc		|		 8   		|		  0
|000022|		x               |	  var_name		|		 8   		|		  0
|000023|		<               |	  log_op		|		 8   		|		  0
|000024|		5               |	  number		|		 8   		|		  0
|000025|		)               |	  rnd_brc		|		 8   		|		  0
|000026|		{               |	  crl_brc		|		 9   		|		  0
|000027|		printf          |	  fnc_name		|		 10  		|		  0
|000028|		(               |	  rnd_brc		|		 10  		|		  0
|000029|		"               |	  quote  		|		 10  		|		  0
|000030|		Hello_world!    |	  string		|		 10  		|		  0
|000031|		"               |	  quote  		|		 10  		|		  0
|000032|		)               |	  rnd_brc		|		 10  		|		  0
|000033|		;               |	  semicln		|		 10  		|		  0
|000034|		x               |	  var_name		|		 11  		|		  0
|000035|		=               |	  assign		|		 11  		|		  0
|000036|		x               |	  var_name		|		 11  		|		  0
|000037|		+               |	  arth_op		|		 11  		|		  0
|000038|		1               |	  number		|		 11  		|		  0
|000039|		;               |	  semicln		|		 11  		|		  0
|000040|		}               |	  crl_brc		|		 12  		|		  0
|000041|		return          |	  return		|		 14  		|		  0
|000042|		0               |	  number		|		 14  		|		  0
|000043|		;               |	  semicln		|		 14  		|		  0
|000044|		}               |	  crl_brc		|		 15  		|		  0
|000045|		func            |	  fnc_decl		|		 17  		|		  0
|000046|		main            |	  main  		|		 17  		|		  0
|000047|		(               |	  rnd_brc		|		 17  		|		  0
|000048|		)               |	  rnd_brc		|		 17  		|		  0
|000049|		{               |	  crl_brc		|		 18  		|		  0
|000050|		var             |	  var_decl		|		 19  		|		  0
|000051|		y               |	  var_name		|		 19  		|		  0
|000052|		=               |	  assign		|		 19  		|		  0
|000053|		1               |	  number		|		 19  		|		  0
|000054|		;               |	  semicln		|		 19  		|		  0
|000055|		while           |	  loop  		|		 21  		|		  0
|000056|		(               |	  rnd_brc		|		 21  		|		  0
|000057|		y               |	  var_name		|		 21  		|		  0
|000058|		<               |	  log_op		|		 21  		|		  0
|000059|		5               |	  number		|		 21  		|		  0
|000060|		)               |	  rnd_brc		|		 21  		|		  0
|000061|		{               |	  crl_brc		|		 22  		|		  0
|000062|		printf          |	  fnc_name		|		 23  		|		  0
|000063|		(               |	  rnd_brc		|		 23  		|		  0
|000064|		"               |	  quote  		|		 23  		|		  0
|000065|		Hello_world!    |	  string		|		 23  		|		  0
|000066|		"               |	  quote  		|		 23  		|		  0
|000067|		)               |	  rnd_brc		|		 23  		|		  0
|000068|		;               |	  semicln		|		 23  		|		  0
|000069|		y               |	  var_name		|		 24  		|		  0
|000070|		=               |	  assign		|		 24  		|		  0
|000071|		y               |	  var_name		|		 24  		|		  0
|000072|		+               |	  arth_op		|		 24  		|		  0
|000073|		1               |	  number		|		 24  		|		  0
|000074|		;               |	  semicln		|		 24  		|		  0
|000075|		}               |	  crl_brc		|		 25  		|		  0
|000076|		sum             |	  fnc_name		|		 27  		|		  0
|000077|		(               |	  rnd_brc		|		 27  		|		  0
|000078|		1               |	  number		|		 27  		|		  0
|000079|		,               |	  comma			|		 27  		|		  0
|000080|		2               |	  number		|		 27  		|		  0
|000081|		)               |	  rnd_brc		|		 27  		|		  0
|000082|		;               |	  semicln		|		 27  		|		  0
|000083|		some_fnc        |	  fnc_name		|		 28  		|		  0
|000084|		(               |	  rnd_brc		|		 28  		|		  0
|000085|		-5              |	  number		|		 28  		|		  0
|000086|		)               |	  rnd_brc		|		 28  		|		  0
|000087|		;               |	  semicln		|		 28  		|		  0
|000088|		if              |	  cond_op		|		 30  		|		  0
|000089|		(               |	  rnd_brc		|		 30  		|		  0
|000090|		y               |	  var_name		|		 30  		|		  0
|000091|		==              |	  log_op		|		 30  		|		  0
|000092|		1               |	  number		|		 30  		|		  0
|000093|		)               |	  rnd_brc		|		 30  		|		  0
|000094|		{               |	  crl_brc		|		 31  		|		  0
|000095|		printf          |	  fnc_name		|		 32  		|		  0
|000096|		(               |	  rnd_brc		|		 32  		|		  0
|000097|		123             |	  number		|		 32  		|		  0
|000098|		)               |	  rnd_brc		|		 32  		|		  0
|000099|		;               |	  semicln		|		 32  		|		  0
|000100|		}               |	  crl_brc		|		 33  		|		  0
|000101|		elif            |	  cond_op		|		 34  		|		  0
|000102|		(               |	  rnd_brc		|		 34  		|		  0
|000103|		y               |	  var_name		|		 34  		|		  0
|000104|		>               |	  log_op		|		 34  		|		  0
|000105|		1               |	  number		|		 34  		|		  0
|000106|		)               |	  rnd_brc		|		 34  		|		  0
|000107|		{               |	  crl_brc		|		 35  		|		  0
|000108|		printf          |	  fnc_name		|		 36  		|		  0
|000109|		(               |	  rnd_brc		|		 36  		|		  0
|000110|		456             |	  number		|		 36  		|		  0
|000111|		)               |	  rnd_brc		|		 36  		|		  0
|000112|		;               |	  semicln		|		 36  		|		  0
|000113|		}               |	  crl_brc		|		 37  		|		  0
|000114|		else            |	  cond_op		|		 38  		|		  0
|000115|		{               |	  crl_brc		|		 39  		|		  0
|000116|		printf          |	  fnc_name		|		 40  		|		  0
|000117|		(               |	  rnd_brc		|		 40  		|		  0
|000118|		789             |	  number		|		 40  		|		  0
|000119|		)               |	  rnd_brc		|		 40  		|		  0
|000120|		;               |	  semicln		|		 40  		|		  0
|000121|		}               |	  crl_brc		|		 41  		|		  0
|000122|		return          |	  return		|		 43  		|		  0
|000123|		0               |	  number		|		 43  		|		  0
|000124|		;               |	  semicln		|		 43  		|		  0
|000125|		}               |	  crl_brc		|		 44  		|		  0
